    Checking stable_deref_trait v1.2.1
    Checking zerofrom v0.1.6
    Checking smallvec v1.15.1
    Checking yoke v0.8.3
    Checking tokio v1.52.3
    Checking zerovec v0.11.8
    Checking tinystr v0.8.4
    Checking icu_locale_core v2.3.0
    Checking potential_utf v0.1.4
    Checking zerotrie v0.2.5
    Checking icu_provider v2.3.1
    Checking indexmap v2.14.0
    Checking icu_collections v2.3.0
    Checking futures-util v0.3.34
    Checking tracing v0.1.44
    Checking tokio-util v0.7.18
    Checking h2 v0.4.19
    Checking icu_normalizer v2.3.0
    Checking icu_properties v2.3.0
    Checking hyper v1.8.1
    Checking idna_adapter v1.2.1
    Checking serde v1.0.228
    Checking num-traits v0.2.19
    Checking hyper-util v0.1.20
    Checking tower v0.5.3
    Checking bit-set v0.8.0
    Checking idna v1.1.0
    Checking tokio-rustls v0.26.4
    Checking crypto-common v0.1.7
    Checking linux-raw-sys v0.12.1
    Checking tower-http v0.6.8
    Checking rustix v1.1.4
    Checking digest v0.10.7
    Checking thiserror v1.0.69
    Checking serde_json v1.0.149
    Checking hyper-rustls v0.27.7
    Checking url v2.5.8
    Checking fancy-regex v0.16.2
    Checking getrandom v0.3.4
   Compiling maho-ai v0.0.0 (/home/projects/mhc-wt/main-integrated-latest-omo/crates/maho-ai)
    Checking serde_urlencoded v0.7.1
    Checking futures-executor v0.3.34
    Checking chrono v0.4.43
    Checking futures v0.3.34
    Checking sha2 v0.10.9
    Checking serde_yaml v0.9.34+deprecated
    Checking thiserror v2.0.18
    Checking reqwest v0.12.28
    Checking uuid v1.20.0
    Checking filedescriptor v0.8.3
    Checking parking_lot_core v0.9.12
    Checking prost v0.14.4
    Checking either v1.18.0
    Checking moxcms v0.8.1
    Checking rayon v1.12.0
    Checking portable-pty v0.9.0
    Checking tree-sitter v0.25.10
    Checking parking_lot v0.12.5
    Checking derive_more v2.1.1
    Checking icu_locale_fallback v2.3.0
    Checking image v0.25.10
    Checking tempfile v3.27.0
    Checking maho-grep v0.0.0 (/home/projects/mhc-wt/main-integrated-latest-omo/crates/vendor/maho-grep)
    Checking icu_segmenter v2.3.0
    Checking crossterm v0.29.0
    Checking maho-pty v0.0.0 (/home/projects/mhc-wt/main-integrated-latest-omo/crates/vendor/maho-pty)
    Checking maho-tui v0.0.0 (/home/projects/mhc-wt/main-integrated-latest-omo/crates/maho-tui)
    Checking rusqlite v0.40.2
    Checking similar v2.7.0
    Checking maho-agent v0.0.0 (/home/projects/mhc-wt/main-integrated-latest-omo/crates/maho-agent)
    Checking maho-tools v0.0.0 (/home/projects/mhc-wt/main-integrated-latest-omo/crates/maho-tools)
    Checking maho-ext-api v0.0.0 (/home/projects/mhc-wt/main-integrated-latest-omo/crates/maho-ext-api)
    Checking maho-ext-host v0.0.0 (/home/projects/mhc-wt/main-integrated-latest-omo/crates/maho-ext-host)
    Checking maho-core v0.0.0 (/home/projects/mhc-wt/main-integrated-latest-omo/crates/maho-core)
    Checking maho-test-support v0.0.0 (/home/projects/mhc-wt/main-integrated-latest-omo/crates/maho-test-support)
    Checking maho-rpc v0.0.0 (/home/projects/mhc-wt/main-integrated-latest-omo/crates/maho-rpc)
    Finished `dev` profile [unoptimized] target(s) in 58.62s
