    Checking h2 v0.4.19
    Checking tower v0.5.3
    Checking tower-http v0.6.8
    Checking maho-tui v0.0.0 (/home/projects/mhc-wt/main-integrated-latest-omo/crates/maho-tui)
    Checking hyper v1.8.1
    Checking hyper-util v0.1.20
    Checking hyper-rustls v0.27.7
    Checking reqwest v0.12.28
    Checking maho-omo-config-core v0.0.0 (/home/projects/mhc-wt/main-integrated-latest-omo/crates/omo/omo-config-core)
    Checking maho-ai v0.0.0 (/home/projects/mhc-wt/main-integrated-latest-omo/crates/maho-ai)
    Checking maho-utils v0.0.0 (/home/projects/mhc-wt/main-integrated-latest-omo/crates/omo/utils)
    Checking maho-memory-core v0.0.0 (/home/projects/mhc-wt/main-integrated-latest-omo/crates/omo/memory-core)
    Checking maho-tmux-core v0.0.0 (/home/projects/mhc-wt/main-integrated-latest-omo/crates/omo/tmux-core)
    Checking maho-model-core v0.0.0 (/home/projects/mhc-wt/main-integrated-latest-omo/crates/omo/model-core)
    Checking maho-isolation-core v0.0.0 (/home/projects/mhc-wt/main-integrated-latest-omo/crates/omo/isolation-core)
    Checking maho-delegate-core v0.0.0 (/home/projects/mhc-wt/main-integrated-latest-omo/crates/omo/delegate-core)
    Checking maho-team-core v0.0.0 (/home/projects/mhc-wt/main-integrated-latest-omo/crates/omo/team-core)
    Checking maho-senpi-task v0.0.0 (/home/projects/mhc-wt/main-integrated-latest-omo/crates/omo/senpi-task)
    Checking maho-agent v0.0.0 (/home/projects/mhc-wt/main-integrated-latest-omo/crates/maho-agent)
    Checking maho-tools v0.0.0 (/home/projects/mhc-wt/main-integrated-latest-omo/crates/maho-tools)
    Checking maho-ext-api v0.0.0 (/home/projects/mhc-wt/main-integrated-latest-omo/crates/maho-ext-api)
    Checking maho-ext-host v0.0.0 (/home/projects/mhc-wt/main-integrated-latest-omo/crates/maho-ext-host)
    Checking maho-core v0.0.0 (/home/projects/mhc-wt/main-integrated-latest-omo/crates/maho-core)
    Checking maho-test-support v0.0.0 (/home/projects/mhc-wt/main-integrated-latest-omo/crates/maho-test-support)
    Checking maho-rpc v0.0.0 (/home/projects/mhc-wt/main-integrated-latest-omo/crates/maho-rpc)
    Checking maho-omo-memory v0.0.0 (/home/projects/mhc-wt/main-integrated-latest-omo/crates/omo/components/maho-omo-memory)
    Finished `dev` profile [unoptimized] target(s) in 54.11s
