    Checking tokio v1.52.3
    Checking tokio-util v0.7.18
    Checking tokio-rustls v0.26.4
    Checking tower v0.5.3
    Checking h2 v0.4.19
    Checking tower-http v0.6.8
    Checking maho-lsp-core v0.0.0 (/home/projects/mhc-wt/main-integrated-latest-omo/crates/omo/lsp-core)
    Checking hyper v1.8.1
    Checking maho-lsp-daemon v0.0.0 (/home/projects/mhc-wt/main-integrated-latest-omo/crates/omo/lsp-daemon)
    Checking hyper-util v0.1.20
    Checking hyper-rustls v0.27.7
    Checking reqwest v0.12.28
    Checking maho-ai v0.0.0 (/home/projects/mhc-wt/main-integrated-latest-omo/crates/maho-ai)
    Checking maho-agent v0.0.0 (/home/projects/mhc-wt/main-integrated-latest-omo/crates/maho-agent)
    Checking maho-tools v0.0.0 (/home/projects/mhc-wt/main-integrated-latest-omo/crates/maho-tools)
    Checking maho-ext-api v0.0.0 (/home/projects/mhc-wt/main-integrated-latest-omo/crates/maho-ext-api)
    Checking maho-ext-host v0.0.0 (/home/projects/mhc-wt/main-integrated-latest-omo/crates/maho-ext-host)
    Checking maho-omo-lsp v0.0.0 (/home/projects/mhc-wt/main-integrated-latest-omo/crates/omo/components/maho-omo-lsp)
    Checking maho-core v0.0.0 (/home/projects/mhc-wt/main-integrated-latest-omo/crates/maho-core)
    Checking maho-test-support v0.0.0 (/home/projects/mhc-wt/main-integrated-latest-omo/crates/maho-test-support)
    Finished `dev` profile [unoptimized] target(s) in 41.08s
