    Checking tokio v1.52.3
    Checking crossterm v0.29.0
    Checking maho-tui v0.0.0 (/home/projects/mhc-wt/main-integrated-latest-omo/crates/maho-tui)
    Checking tokio-util v0.7.18
    Checking h2 v0.4.19
    Checking tokio-rustls v0.26.4
    Checking tower v0.5.3
    Checking tower-http v0.6.8
    Checking icu_collator v2.3.1
    Checking hyper v1.8.1
    Checking hyper-util v0.1.20
    Checking hyper-rustls v0.27.7
    Checking reqwest v0.12.28
    Checking maho-ai v0.0.0 (/home/projects/mhc-wt/main-integrated-latest-omo/crates/maho-ai)
    Checking maho-agent v0.0.0 (/home/projects/mhc-wt/main-integrated-latest-omo/crates/maho-agent)
    Checking maho-tools v0.0.0 (/home/projects/mhc-wt/main-integrated-latest-omo/crates/maho-tools)
    Checking maho-ext-api v0.0.0 (/home/projects/mhc-wt/main-integrated-latest-omo/crates/maho-ext-api)
    Checking maho-ext-host v0.0.0 (/home/projects/mhc-wt/main-integrated-latest-omo/crates/maho-ext-host)
    Checking maho-ext-rule-activation v0.0.0 (/home/projects/mhc-wt/main-integrated-latest-omo/crates/builtins/maho-ext-rule-activation)
    Checking maho-ext-rules v0.0.0 (/home/projects/mhc-wt/main-integrated-latest-omo/crates/builtins/maho-ext-rules)
    Checking maho-core v0.0.0 (/home/projects/mhc-wt/main-integrated-latest-omo/crates/maho-core)
    Checking maho-test-support v0.0.0 (/home/projects/mhc-wt/main-integrated-latest-omo/crates/maho-test-support)
    Finished `dev` profile [unoptimized] target(s) in 44.24s
